digraph G {
	node [label="\N", fontname=Helvetica, fontsize=10, shape=record];
	edge [fontname=Helvetica, fontsize=10, labelfontname=Helvetica, labelfontsize=10];
	graph [bb="0,0,448,748"];
	Node1 [label="{MySQLTableVariable\n||+ SaveVariables()\l+ SelectServerVariables()\l+ SelectSiteVariables()\l+ SelectVariablesByName()\l+ Updat\
eVariableByIdVariable()\l+ InsertVariable()\l+ IdVariableExists()\l}", height="1.67", width="2.39", color=white, fillcolor=black, style=filled, fontcolor=white, pos="245,68", rects="159,112,332,128 159,96,332,112 159,8,332,96"];
	Node2 [label="{MySQLTable\n|+ TABLE_COLUMN_ALL\l+ MYSQL_CLAUSE_WHERE\l+ MYSQL_CLAUSE_LIMIT\l+ MYSQL_CLAUSE_AND\l+ MYSQL_CLAUSE_OR\l+ MYSQL_CLA\
USE_ORDER\l+ MYSQL_CLAUSE_ORDER_ASCENDANT\l+ MYSQL_CLAUSE_ORDER_DESCENDANT\l+ MYSQL_CLAUSE_GROUP\l+ MYSQL_CLAUSE_HAVING\l+ MYSQL\
_SEEK_REGEX\l+ MYSQL_SEEK_MULTICHARS\l+ MYSQL_SEEK_ANYCHAR\l+ MYSQL_SEEK_STRICT\l+ MYSQL_SEEK_SEPARATOR\l+ MYSQL_STRUCTURE_FIELD\
_NAME\l|+ Select()\l+ Insert()\l+ Update()\l+ Delete()\l+ Clear()\l+ Drop()\l+ __construct()\l# isValidProperty()\l# bDDRecordTo\
TableRecord()\l}", height="4.50", width="3.58", color=black, fillcolor=white, style=filled, URL="$classMySQLTable.html", pos="129,326", rects="0,472,258,488 0,276,258,472 0,164,258,276"];
	Node3 [label="{BDDTable\n|# $tableName\l# $bDDConnection\l# $structure\l|+ __construct()\l}", height="1.00", width="1.44", color=black, fillcolor=white, style=filled, URL="$classBDDTable.html", pos="129,560", rects="77,580,182,596 77,540,182,580 77,524,182,540"];
	Node5 [label="{AbstractClass\n||+ __construct()\l+ __destruct()\l+ __ToString()\l}", height="1.00", width="1.19", color=black, fillcolor=white, style=filled, URL="$classAbstractClass.html", pos="72,686", rects="29,706,115,722 29,690,115,706 29,650,115,690"];
	Node6 [label="{BDDTableInterface\n||+ Select()\l+ Insert()\l+ Update()\l+ Delete()\l+ Clear()\l+ Drop()\l}", height="1.50", width="1.47", color=black, fillcolor=white, style=filled, URL="$interfaceBDDTableInterface.html", pos="186,686", rects="133,724,240,740 133,708,240,724 133,632,240,708"];
	Node4 [label="{TableVariableInterface\n||+ SelectServerVariables()\l+ SelectSiteVariables()\l+ SelectVariablesByName()\l+ UpdateVariableByIdVa\
riable()\l+ InsertVariable()\l+ IdVariableExists()\l}", height="1.50", width="2.39", color=black, fillcolor=white, style=filled, URL="$interfaceTableVariableInterface.html", pos="362,326", rects="276,364,449,380 276,348,449,364 276,272,449,348"];
	Node2 -> Node1 [dir=back, color=midnightblue, style=solid, arrowtail=empty, pos="s,202,164 206,155 210,146 214,137 218,128"];
	Node3 -> Node2 [dir=back, color=midnightblue, style=solid, arrowtail=empty, pos="s,129,524 129,514 129,506 129,497 129,488"];
	Node5 -> Node3 [dir=back, color=midnightblue, style=solid, arrowtail=empty, pos="s,88,650 92,641 99,626 106,610 113,596"];
	Node6 -> Node3 [dir=back, color=midnightblue, style=solid, arrowtail=empty, pos="s,161,632 157,623 153,614 149,604 145,596"];
	Node4 -> Node1 [dir=back, color=midnightblue, style=solid, arrowtail=empty, pos="s,337,272 333,264 315,222 291,169 272,128"];
}
