digraph G {
	node [label="\N", fontname=Helvetica, fontsize=10, shape=record];
	edge [fontname=Helvetica, fontsize=10, labelfontname=Helvetica, labelfontsize=10];
	graph [bb="0,0,118,316"];
	Node1 [label="{AbstractSitePageError\n||}", height="0.67", width="1.64", color=white, fillcolor=black, style=filled, fontcolor=white, pos="59,32", rects="0,40,119,56 0,24,119,40 0,8,119,24"];
	Node2 [label="{Error\n|# $erreurCode\l# $erreurString\l|+ GetMessage()\l+ GetCode()\l+ __construct()\l+ __destruct()\l+ __ToString()\l}", height="1.50", width="1.19", color=black, fillcolor=white, style=filled, URL="$classError.html", pos="59,146", rects="16,184,102,200 16,156,102,184 16,92,102,156"];
	Node3 [label="{AbstractClass\n||+ __construct()\l+ __destruct()\l+ __ToString()\l}", height="1.00", width="1.19", color=black, fillcolor=white, style=filled, URL="$classAbstractClass.html", pos="59,272", rects="16,292,102,308 16,276,102,292 16,236,102,276"];
	Node2 -> Node1 [dir=back, color=midnightblue, style=solid, arrowtail=empty, pos="s,59,92 59,82 59,72 59,64 59,56"];
	Node3 -> Node2 [dir=back, color=midnightblue, style=solid, arrowtail=empty, pos="s,59,236 59,225 59,217 59,208 59,200"];
}
