digraph G {
	node [label="\N", fontname=Helvetica, fontsize=10, shape=record];
	edge [fontname=Helvetica, fontsize=10, labelfontname=Helvetica, labelfontsize=10];
	graph [bb="0,0,240,772"];
	Node1 [label="{BDDConnection\n|+ CONNECTION_PERSISTENT\l+ CONNECTION_NOT_PERSISTENT\l# $server\l# $username\l# $password\l# $connection\l# $da\
tabase\l# $nombreRequetes\l|+ SetServer()\l+ GetServer()\l+ SetUsername()\l+ GetUsername()\l+ SetPassword()\l+ GetPassword()\l+ \
GetQueriesCount()\l+ __construct()\l+ __destruct()\l+ __ToString()\l}", height="3.33", width="2.94", color=white, fillcolor=black, style=filled, fontcolor=white, pos="107,404", rects="1,508,213,524 1,408,213,508 1,284,213,408"];
	Node2 [label="{AbstractClass\n||+ __construct()\l+ __destruct()\l+ __ToString()\l}", height="1.00", width="1.19", color=black, fillcolor=white, style=filled, URL="$classAbstractClass.html", pos="43,662", rects="0,682,86,698 0,666,86,682 0,626,86,666"];
	Node3 [label="{BDDConnectionInterface\n||+ TableExists()\l+ TableDescription()\l+ SetServer()\l+ GetServer()\l+ SetUsername()\l+ GetUsername()\
\l+ SetPassword()\l+ GetPassword()\l+ Open()\l+ SetDatabase()\l+ Query()\l+ GetQueriesCount()\l+ Close()\l+ isConnected()\l}", height="2.83", width="1.89", color=black, fillcolor=white, style=filled, URL="$interfaceBDDConnectionInterface.html", pos="172,662", rects="104,748,240,764 104,732,240,748 104,560,240,732"];
	Node4 [label="{MySQLConnection\n||+ TableExists()\l+ TableDescription()\l+ SetServer()\l+ GetServer()\l+ SetUsername()\l+ GetUsername()\l+ Set\
Password()\l+ GetPassword()\l+ Open()\l+ SetDatabase()\l+ Query()\l+ GetQueriesCount()\l+ Close()\l+ isConnected()\l+ __construc\
t()\l+ __destruct()\l+ __ToString()\l}", height="3.33", width="1.56", color=black, fillcolor=white, style=filled, URL="$classMySQLConnection.html", pos="107,128", rects="51,232,163,248 51,216,163,232 51,8,163,216"];
	Node2 -> Node1 [dir=back, color=midnightblue, style=solid, arrowtail=empty, pos="s,52,626 54,617 61,591 69,557 77,524"];
	Node3 -> Node1 [dir=back, color=midnightblue, style=solid, arrowtail=empty, pos="s,146,560 144,550 141,542 139,533 137,524"];
	Node1 -> Node4 [dir=back, color=midnightblue, style=solid, arrowtail=empty, pos="s,107,284 107,273 107,265 107,256 107,248"];
}
