digraph G {
	node [label="\N", fontname=Helvetica, fontsize=10, shape=record];
	edge [fontname=Helvetica, fontsize=10, labelfontname=Helvetica, labelfontsize=10];
	graph [bb="0,0,398,640"];
	Node1 [label="{MySQLTableSite\n||+ SaveSites()\l+ SelectSites()\l+ SelectSiteByIdSite()\l+ FindSitesByName()\l+ UpdateSiteByIdSite()\l+ Insert\
Site()\l+ IdSiteExists()\l}", height="1.67", width="1.69", color=white, fillcolor=black, style=filled, fontcolor=white, pos="233,68", rects="172,112,295,128 172,96,295,112 172,8,295,96"];
	Node2 [label="{MySQLTable\n|+ TABLE_COLUMN_ALL\l+ MYSQL_CLAUSE_WHERE\l+ MYSQL_CLAUSE_LIMIT\l+ MYSQL_CLAUSE_AND\l+ MYSQL_CLAUSE_OR\l+ MYSQL_CLA\
USE_ORDER\l+ MYSQL_CLAUSE_ORDER_ASCENDANT\l+ MYSQL_CLAUSE_ORDER_DESCENDANT\l+ MYSQL_CLAUSE_GROUP\l+ MYSQL_CLAUSE_HAVING\l+ MYSQL\
_SEEK_REGEX\l+ MYSQL_SEEK_MULTICHARS\l+ MYSQL_SEEK_ANYCHAR\l+ MYSQL_SEEK_STRICT\l+ MYSQL_SEEK_SEPARATOR\l+ MYSQL_STRUCTURE_FIELD\
_NAME\l|+ Select()\l+ Insert()\l+ Update()\l+ Delete()\l+ Clear()\l+ Drop()\l+ __construct()\l+ __destruct()\l# isValidProperty(\
)\l# bDDRecordToTableRecord()\l}", height="4.67", width="3.58", color=black, fillcolor=white, style=filled, URL="$classMySQLTable.html", pos="129,332", rects="0,484,258,500 0,288,258,484 0,164,258,288"];
	Node3 [label="{BDDTable\n|# $tableName\l# $bDDConnection\l# $structure\l|+ __construct()\l+ __destruct()\l+ __ToString()\l}", height="1.33", width="1.44", color=red, fillcolor=white, style=filled, URL="$classBDDTable.html", pos="129,584", rects="77,616,182,632 77,576,182,616 77,536,182,576"];
	Node4 [label="{TableSiteInterface\n||+ SaveSites()\l+ SelectSites()\l+ SelectSiteByIdSite()\l+ FindSitesByName()\l+ UpdateSiteByIdSite()\l+ In\
sertSite()\l+ IdSiteExists()\l}", height="1.67", width="1.69", color=black, fillcolor=white, style=filled, URL="$interfaceTableSiteInterface.html", pos="337,332", rects="276,376,399,392 276,360,399,376 276,272,399,360"];
	Node2 -> Node1 [dir=back, color=midnightblue, style=solid, arrowtail=empty, pos="s,195,164 199,154 202,145 206,136 209,128"];
	Node3 -> Node2 [dir=back, color=midnightblue, style=solid, arrowtail=empty, pos="s,129,536 129,526 129,518 129,509 129,500"];
	Node4 -> Node1 [dir=back, color=midnightblue, style=solid, arrowtail=empty, pos="s,316,272 313,262 302,232 289,196 276,164 271,152 266,140 261,128"];
}
