digraph G {
	graph [compound=true];
	node [label="\N", fontsize=10, fontname=Helvetica];
	edge [labelfontsize=9, labelfontname=Helvetica];
	graph [lp="100,0"];
	graph [bb="0,0,200,100"];
	subgraph clusterdir_85e3a9d6cca60bb712cf84b739e6b005 {
		graph [bgcolor="#ddddee"];
		graph [pencolor=black];
		graph [label=System];
		graph [fontname=Helvetica];
		graph [fontsize=10];
		graph [URL="dir_85e3a9d6cca60bb712cf84b739e6b005.html"];
		graph [lp=""];
		graph [bb="8,8,192,92"];
		subgraph clusterdir_40964d97710d763a1b902dd6ff25f401 {
			graph [bgcolor="#eeeeff"];
			graph [label=""];
			graph [URL="dir_40964d97710d763a1b902dd6ff25f401.html"];
			graph [bb="16,16,184,68"];
			dir_40964d97710d763a1b902dd6ff25f401 [label=AbstractClass, shape=plaintext, pos="138,42", width="1.06", height="0.50"];
			dir_b93eb038338d1a9142496dadf418a193 [label=Interfaces, shape=box, color=black, fillcolor=white, style=filled, URL="dir_b93eb038338d1a9142496dadf418a193.html", pos="53,42", width="0.81", height="0.50"];
		}
	}
}
