digraph G {
	node [label="\N", fontname=Helvetica, fontsize=10, shape=record];
	edge [fontname=Helvetica, fontsize=10, labelfontname=Helvetica, labelfontsize=10];
	graph [bb="0,0,212,496"];
	Node1 [label="{BDDConnectionInterface\n||+ TableExists()\l+ TableDescription()\l+ SetServer()\l+ GetServer()\l+ SetUsername()\l+ GetUsername()\
\l+ SetPassword()\l+ GetPassword()\l+ Open()\l+ SetDatabase()\l+ Query()\l+ GetQueriesCount()\l+ Close()\l+ isConnected()\l}", height="2.83", width="1.89", color=white, fillcolor=black, style=filled, fontcolor=white, pos="106,386", rects="38,472,174,488 38,456,174,472 38,284,174,456"];
	Node2 [label="{BDDConnection\n|+ CONNECTION_PERSISTENT\l+ CONNECTION_NOT_PERSISTENT\l# $server\l# $username\l# $password\l# $connection\l# $da\
tabase\l# $nombreRequetes\l|+ SetServer()\l+ GetServer()\l+ SetUsername()\l+ GetUsername()\l+ SetPassword()\l+ GetPassword()\l+ \
GetQueriesCount()\l+ __construct()\l+ __destruct()\l+ __ToString()\l}", height="3.33", width="2.94", color=red, fillcolor=white, style=filled, URL="$classBDDConnection.html", pos="106,128", rects="0,232,212,248 0,132,212,232 0,8,212,132"];
	Node1 -> Node2 [dir=back, color=midnightblue, style=solid, arrowtail=empty, pos="s,106,284 106,273 106,265 106,256 106,248"];
}
